Using profile profiles/slurm_profile/ for setting default command line arguments.
host: holybioinf.rc.fas.harvard.edu
Building DAG of jobs...
shared_storage_local_copies: True
remote_exec: False
Job stats:
job         count
--------  -------
align           4
all             1
append          1
blast           4
convert         4
copy_hal        1
total          15


[Mon Feb  3 14:19:12 2025]
rule blast:
    input: /n/holylfs05/LABS/informatics/Users/gthomas/cactus-snakemake/tests/evolverMammals-out/simCow.chr6, /n/holylfs05/LABS/informatics/Users/gthomas/cactus-snakemake/tests/evolverMammals-out/simDog.chr6, /n/holylfs05/LABS/informatics/Users/gthomas/cactus-snakemake/tests/evolverMammals-out/simHuman.chr6, /n/holylfs05/LABS/informatics/Users/gthomas/cactus-snakemake/tests/evolverMammals-out/simMouse.chr6, /n/holylfs05/LABS/informatics/Users/gthomas/cactus-snakemake/tests/evolverMammals-out/simRat.chr6
    output: /n/holylfs05/LABS/informatics/Users/gthomas/cactus-snakemake/tests/evolverMammals-out/mr.cigar
    jobid: 14
    reason: Missing output files: /n/holylfs05/LABS/informatics/Users/gthomas/cactus-snakemake/tests/evolverMammals-out/mr.cigar
    wildcards: internal_node=mr
    resources: mem_mb=50000, mem_mib=47684, disk_mb=<TBD>, tmpdir=<TBD>, slurm_partition=gpu, cpus_per_task=64, runtime=120, slurm_extra='--gres=gpu:4'

[Mon Feb  3 14:19:12 2025]
rule blast:
    input: /n/holylfs05/LABS/informatics/Users/gthomas/cactus-snakemake/tests/evolverMammals-out/simCow.chr6, /n/holylfs05/LABS/informatics/Users/gthomas/cactus-snakemake/tests/evolverMammals-out/simDog.chr6, /n/holylfs05/LABS/informatics/Users/gthomas/cactus-snakemake/tests/evolverMammals-out/simHuman.chr6, /n/holylfs05/LABS/informatics/Users/gthomas/cactus-snakemake/tests/evolverMammals-out/simMouse.chr6, /n/holylfs05/LABS/informatics/Users/gthomas/cactus-snakemake/tests/evolverMammals-out/simRat.chr6
    output: /n/holylfs05/LABS/informatics/Users/gthomas/cactus-snakemake/tests/evolverMammals-out/Anc2.cigar
    jobid: 17
    reason: Missing output files: /n/holylfs05/LABS/informatics/Users/gthomas/cactus-snakemake/tests/evolverMammals-out/Anc2.cigar
    wildcards: internal_node=Anc2
    resources: mem_mb=50000, mem_mib=47684, disk_mb=<TBD>, tmpdir=<TBD>, slurm_partition=gpu, cpus_per_task=64, runtime=120, slurm_extra='--gres=gpu:4'

[Mon Feb  3 14:19:12 2025]
rule align:
    input: /n/holylfs05/LABS/informatics/Users/gthomas/cactus-snakemake/tests/evolverMammals-out/mr.cigar
    output: /n/holylfs05/LABS/informatics/Users/gthomas/cactus-snakemake/tests/evolverMammals-out/mr.hal
    jobid: 13
    reason: Missing output files: /n/holylfs05/LABS/informatics/Users/gthomas/cactus-snakemake/tests/evolverMammals-out/mr.hal; Input files updated by another job: /n/holylfs05/LABS/informatics/Users/gthomas/cactus-snakemake/tests/evolverMammals-out/mr.cigar
    wildcards: internal_node=mr
    resources: mem_mb=25000, mem_mib=23842, disk_mb=<TBD>, tmpdir=<TBD>, slurm_partition=gpu, cpus_per_task=24, runtime=120, slurm_extra='--gres=gpu:4'

[Mon Feb  3 14:19:12 2025]
rule align:
    input: /n/holylfs05/LABS/informatics/Users/gthomas/cactus-snakemake/tests/evolverMammals-out/Anc2.cigar
    output: /n/holylfs05/LABS/informatics/Users/gthomas/cactus-snakemake/tests/evolverMammals-out/Anc2.hal
    jobid: 16
    reason: Missing output files: /n/holylfs05/LABS/informatics/Users/gthomas/cactus-snakemake/tests/evolverMammals-out/Anc2.hal; Input files updated by another job: /n/holylfs05/LABS/informatics/Users/gthomas/cactus-snakemake/tests/evolverMammals-out/Anc2.cigar
    wildcards: internal_node=Anc2
    resources: mem_mb=25000, mem_mib=23842, disk_mb=<TBD>, tmpdir=<TBD>, slurm_partition=gpu, cpus_per_task=24, runtime=120, slurm_extra='--gres=gpu:4'

[Mon Feb  3 14:19:12 2025]
rule convert:
    input: /n/holylfs05/LABS/informatics/Users/gthomas/cactus-snakemake/tests/evolverMammals-out/Anc2.hal
    output: /n/holylfs05/LABS/informatics/Users/gthomas/cactus-snakemake/tests/evolverMammals-out/Anc2.fa
    jobid: 15
    reason: Missing output files: /n/holylfs05/LABS/informatics/Users/gthomas/cactus-snakemake/tests/evolverMammals-out/Anc2.fa; Input files updated by another job: /n/holylfs05/LABS/informatics/Users/gthomas/cactus-snakemake/tests/evolverMammals-out/Anc2.hal
    wildcards: internal_node=Anc2
    resources: mem_mb=8000, mem_mib=7630, disk_mb=<TBD>, tmpdir=<TBD>, slurm_partition=shared, cpus_per_task=8, runtime=1440, time=30


        singularity exec --nv --cleanenv /n/holylfs05/LABS/informatics/Users/gthomas/cactus-snakemake/bin/cactus_v2.9.3-gpu.sif hal2fasta /n/holylfs05/LABS/informatics/Users/gthomas/cactus-snakemake/tests/evolverMammals-out/Anc2.hal Anc2 --hdf5InMemory > /n/holylfs05/LABS/informatics/Users/gthomas/cactus-snakemake/tests/evolverMammals-out/Anc2.fa
        

[Mon Feb  3 14:19:12 2025]
rule convert:
    input: /n/holylfs05/LABS/informatics/Users/gthomas/cactus-snakemake/tests/evolverMammals-out/mr.hal
    output: /n/holylfs05/LABS/informatics/Users/gthomas/cactus-snakemake/tests/evolverMammals-out/mr.fa
    jobid: 12
    reason: Missing output files: /n/holylfs05/LABS/informatics/Users/gthomas/cactus-snakemake/tests/evolverMammals-out/mr.fa; Input files updated by another job: /n/holylfs05/LABS/informatics/Users/gthomas/cactus-snakemake/tests/evolverMammals-out/mr.hal
    wildcards: internal_node=mr
    resources: mem_mb=8000, mem_mib=7630, disk_mb=<TBD>, tmpdir=<TBD>, slurm_partition=shared, cpus_per_task=8, runtime=1440, time=30


        singularity exec --nv --cleanenv /n/holylfs05/LABS/informatics/Users/gthomas/cactus-snakemake/bin/cactus_v2.9.3-gpu.sif hal2fasta /n/holylfs05/LABS/informatics/Users/gthomas/cactus-snakemake/tests/evolverMammals-out/mr.hal mr --hdf5InMemory > /n/holylfs05/LABS/informatics/Users/gthomas/cactus-snakemake/tests/evolverMammals-out/mr.fa
        

[Mon Feb  3 14:19:12 2025]
rule blast:
    input: /n/holylfs05/LABS/informatics/Users/gthomas/cactus-snakemake/tests/evolverMammals-out/simCow.chr6, /n/holylfs05/LABS/informatics/Users/gthomas/cactus-snakemake/tests/evolverMammals-out/simDog.chr6, /n/holylfs05/LABS/informatics/Users/gthomas/cactus-snakemake/tests/evolverMammals-out/simHuman.chr6, /n/holylfs05/LABS/informatics/Users/gthomas/cactus-snakemake/tests/evolverMammals-out/simMouse.chr6, /n/holylfs05/LABS/informatics/Users/gthomas/cactus-snakemake/tests/evolverMammals-out/simRat.chr6, /n/holylfs05/LABS/informatics/Users/gthomas/cactus-snakemake/tests/evolverMammals-out/mr.fa, /n/holylfs05/LABS/informatics/Users/gthomas/cactus-snakemake/tests/evolverMammals-out/Anc2.fa
    output: /n/holylfs05/LABS/informatics/Users/gthomas/cactus-snakemake/tests/evolverMammals-out/Anc1.cigar
    jobid: 11
    reason: Missing output files: /n/holylfs05/LABS/informatics/Users/gthomas/cactus-snakemake/tests/evolverMammals-out/Anc1.cigar; Input files updated by another job: /n/holylfs05/LABS/informatics/Users/gthomas/cactus-snakemake/tests/evolverMammals-out/Anc2.fa, /n/holylfs05/LABS/informatics/Users/gthomas/cactus-snakemake/tests/evolverMammals-out/mr.fa
    wildcards: internal_node=Anc1
    resources: mem_mb=50000, mem_mib=47684, disk_mb=<TBD>, tmpdir=<TBD>, slurm_partition=gpu, cpus_per_task=64, runtime=120, slurm_extra='--gres=gpu:4'

[Mon Feb  3 14:19:12 2025]
rule align:
    input: /n/holylfs05/LABS/informatics/Users/gthomas/cactus-snakemake/tests/evolverMammals-out/Anc1.cigar
    output: /n/holylfs05/LABS/informatics/Users/gthomas/cactus-snakemake/tests/evolverMammals-out/Anc1.hal
    jobid: 10
    reason: Missing output files: /n/holylfs05/LABS/informatics/Users/gthomas/cactus-snakemake/tests/evolverMammals-out/Anc1.hal; Input files updated by another job: /n/holylfs05/LABS/informatics/Users/gthomas/cactus-snakemake/tests/evolverMammals-out/Anc1.cigar
    wildcards: internal_node=Anc1
    resources: mem_mb=25000, mem_mib=23842, disk_mb=<TBD>, tmpdir=<TBD>, slurm_partition=gpu, cpus_per_task=24, runtime=120, slurm_extra='--gres=gpu:4'

[Mon Feb  3 14:19:12 2025]
rule convert:
    input: /n/holylfs05/LABS/informatics/Users/gthomas/cactus-snakemake/tests/evolverMammals-out/Anc1.hal
    output: /n/holylfs05/LABS/informatics/Users/gthomas/cactus-snakemake/tests/evolverMammals-out/Anc1.fa
    jobid: 9
    reason: Missing output files: /n/holylfs05/LABS/informatics/Users/gthomas/cactus-snakemake/tests/evolverMammals-out/Anc1.fa; Input files updated by another job: /n/holylfs05/LABS/informatics/Users/gthomas/cactus-snakemake/tests/evolverMammals-out/Anc1.hal
    wildcards: internal_node=Anc1
    resources: mem_mb=8000, mem_mib=7630, disk_mb=<TBD>, tmpdir=<TBD>, slurm_partition=shared, cpus_per_task=8, runtime=1440, time=30


        singularity exec --nv --cleanenv /n/holylfs05/LABS/informatics/Users/gthomas/cactus-snakemake/bin/cactus_v2.9.3-gpu.sif hal2fasta /n/holylfs05/LABS/informatics/Users/gthomas/cactus-snakemake/tests/evolverMammals-out/Anc1.hal Anc1 --hdf5InMemory > /n/holylfs05/LABS/informatics/Users/gthomas/cactus-snakemake/tests/evolverMammals-out/Anc1.fa
        

[Mon Feb  3 14:19:12 2025]
rule blast:
    input: /n/holylfs05/LABS/informatics/Users/gthomas/cactus-snakemake/tests/evolverMammals-out/simCow.chr6, /n/holylfs05/LABS/informatics/Users/gthomas/cactus-snakemake/tests/evolverMammals-out/simDog.chr6, /n/holylfs05/LABS/informatics/Users/gthomas/cactus-snakemake/tests/evolverMammals-out/simHuman.chr6, /n/holylfs05/LABS/informatics/Users/gthomas/cactus-snakemake/tests/evolverMammals-out/simMouse.chr6, /n/holylfs05/LABS/informatics/Users/gthomas/cactus-snakemake/tests/evolverMammals-out/simRat.chr6, /n/holylfs05/LABS/informatics/Users/gthomas/cactus-snakemake/tests/evolverMammals-out/Anc1.fa
    output: /n/holylfs05/LABS/informatics/Users/gthomas/cactus-snakemake/tests/evolverMammals-out/Anc0.cigar
    jobid: 8
    reason: Missing output files: /n/holylfs05/LABS/informatics/Users/gthomas/cactus-snakemake/tests/evolverMammals-out/Anc0.cigar; Input files updated by another job: /n/holylfs05/LABS/informatics/Users/gthomas/cactus-snakemake/tests/evolverMammals-out/Anc1.fa
    wildcards: internal_node=Anc0
    resources: mem_mb=50000, mem_mib=47684, disk_mb=<TBD>, tmpdir=<TBD>, slurm_partition=gpu, cpus_per_task=64, runtime=120, slurm_extra='--gres=gpu:4'

[Mon Feb  3 14:19:12 2025]
rule align:
    input: /n/holylfs05/LABS/informatics/Users/gthomas/cactus-snakemake/tests/evolverMammals-out/Anc0.cigar
    output: /n/holylfs05/LABS/informatics/Users/gthomas/cactus-snakemake/tests/evolverMammals-out/Anc0.hal
    jobid: 7
    reason: Missing output files: /n/holylfs05/LABS/informatics/Users/gthomas/cactus-snakemake/tests/evolverMammals-out/Anc0.hal; Input files updated by another job: /n/holylfs05/LABS/informatics/Users/gthomas/cactus-snakemake/tests/evolverMammals-out/Anc0.cigar
    wildcards: internal_node=Anc0
    resources: mem_mb=25000, mem_mib=23842, disk_mb=<TBD>, tmpdir=<TBD>, slurm_partition=gpu, cpus_per_task=24, runtime=120, slurm_extra='--gres=gpu:4'

[Mon Feb  3 14:19:12 2025]
rule convert:
    input: /n/holylfs05/LABS/informatics/Users/gthomas/cactus-snakemake/tests/evolverMammals-out/Anc0.hal
    output: /n/holylfs05/LABS/informatics/Users/gthomas/cactus-snakemake/tests/evolverMammals-out/Anc0.fa
    jobid: 6
    reason: Missing output files: /n/holylfs05/LABS/informatics/Users/gthomas/cactus-snakemake/tests/evolverMammals-out/Anc0.fa; Input files updated by another job: /n/holylfs05/LABS/informatics/Users/gthomas/cactus-snakemake/tests/evolverMammals-out/Anc0.hal
    wildcards: internal_node=Anc0
    resources: mem_mb=8000, mem_mib=7630, disk_mb=<TBD>, tmpdir=<TBD>, slurm_partition=shared, cpus_per_task=8, runtime=1440, time=30


        singularity exec --nv --cleanenv /n/holylfs05/LABS/informatics/Users/gthomas/cactus-snakemake/bin/cactus_v2.9.3-gpu.sif hal2fasta /n/holylfs05/LABS/informatics/Users/gthomas/cactus-snakemake/tests/evolverMammals-out/Anc0.hal Anc0 --hdf5InMemory > /n/holylfs05/LABS/informatics/Users/gthomas/cactus-snakemake/tests/evolverMammals-out/Anc0.fa
        

[Mon Feb  3 14:19:12 2025]
rule copy_hal:
    input: /n/holylfs05/LABS/informatics/Users/gthomas/cactus-snakemake/tests/evolverMammals-out/Anc0.fa, /n/holylfs05/LABS/informatics/Users/gthomas/cactus-snakemake/tests/evolverMammals-out/Anc1.fa, /n/holylfs05/LABS/informatics/Users/gthomas/cactus-snakemake/tests/evolverMammals-out/Anc2.fa, /n/holylfs05/LABS/informatics/Users/gthomas/cactus-snakemake/tests/evolverMammals-out/mr.fa, /n/holylfs05/LABS/informatics/Users/gthomas/cactus-snakemake/tests/evolverMammals-out/Anc0.hal
    output: /n/holylfs05/LABS/informatics/Users/gthomas/cactus-snakemake/tests/evolverMammals-out/evolverMammals.hal
    jobid: 19
    reason: Missing output files: /n/holylfs05/LABS/informatics/Users/gthomas/cactus-snakemake/tests/evolverMammals-out/evolverMammals.hal; Input files updated by another job: /n/holylfs05/LABS/informatics/Users/gthomas/cactus-snakemake/tests/evolverMammals-out/Anc0.fa, /n/holylfs05/LABS/informatics/Users/gthomas/cactus-snakemake/tests/evolverMammals-out/Anc0.hal, /n/holylfs05/LABS/informatics/Users/gthomas/cactus-snakemake/tests/evolverMammals-out/Anc1.fa, /n/holylfs05/LABS/informatics/Users/gthomas/cactus-snakemake/tests/evolverMammals-out/Anc2.fa, /n/holylfs05/LABS/informatics/Users/gthomas/cactus-snakemake/tests/evolverMammals-out/mr.fa
    resources: mem_mb=8000, mem_mib=7630, disk_mb=<TBD>, tmpdir=<TBD>, slurm_partition=shared, cpus_per_task=1, runtime=30


        cp /n/holylfs05/LABS/informatics/Users/gthomas/cactus-snakemake/tests/evolverMammals-out/Anc0.hal /n/holylfs05/LABS/informatics/Users/gthomas/cactus-snakemake/tests/evolverMammals-out/evolverMammals.hal
        

[Mon Feb  3 14:19:12 2025]
rule append:
    input: /n/holylfs05/LABS/informatics/Users/gthomas/cactus-snakemake/tests/evolverMammals-out/evolverMammals.hal
    output: /n/holylfs05/LABS/informatics/Users/gthomas/cactus-snakemake/tests/evolverMammals-out/hal-append-subtree.log
    jobid: 18
    reason: Missing output files: /n/holylfs05/LABS/informatics/Users/gthomas/cactus-snakemake/tests/evolverMammals-out/hal-append-subtree.log; Input files updated by another job: /n/holylfs05/LABS/informatics/Users/gthomas/cactus-snakemake/tests/evolverMammals-out/evolverMammals.hal
    resources: mem_mb=8000, mem_mib=7630, disk_mb=<TBD>, tmpdir=<TBD>, slurm_partition=shared, cpus_per_task=8, runtime=30

[Mon Feb  3 14:19:12 2025]
rule all:
    input: /n/holylfs05/LABS/informatics/Users/gthomas/cactus-snakemake/tests/evolverMammals-out/simCow.chr6, /n/holylfs05/LABS/informatics/Users/gthomas/cactus-snakemake/tests/evolverMammals-out/simDog.chr6, /n/holylfs05/LABS/informatics/Users/gthomas/cactus-snakemake/tests/evolverMammals-out/simHuman.chr6, /n/holylfs05/LABS/informatics/Users/gthomas/cactus-snakemake/tests/evolverMammals-out/simMouse.chr6, /n/holylfs05/LABS/informatics/Users/gthomas/cactus-snakemake/tests/evolverMammals-out/simRat.chr6, /n/holylfs05/LABS/informatics/Users/gthomas/cactus-snakemake/tests/evolverMammals-out/Anc0.fa, /n/holylfs05/LABS/informatics/Users/gthomas/cactus-snakemake/tests/evolverMammals-out/Anc1.fa, /n/holylfs05/LABS/informatics/Users/gthomas/cactus-snakemake/tests/evolverMammals-out/Anc2.fa, /n/holylfs05/LABS/informatics/Users/gthomas/cactus-snakemake/tests/evolverMammals-out/mr.fa, /n/holylfs05/LABS/informatics/Users/gthomas/cactus-snakemake/tests/evolverMammals-out/hal-append-subtree.log
    jobid: 0
    reason: Input files updated by another job: /n/holylfs05/LABS/informatics/Users/gthomas/cactus-snakemake/tests/evolverMammals-out/Anc0.fa, /n/holylfs05/LABS/informatics/Users/gthomas/cactus-snakemake/tests/evolverMammals-out/hal-append-subtree.log, /n/holylfs05/LABS/informatics/Users/gthomas/cactus-snakemake/tests/evolverMammals-out/Anc1.fa, /n/holylfs05/LABS/informatics/Users/gthomas/cactus-snakemake/tests/evolverMammals-out/Anc2.fa, /n/holylfs05/LABS/informatics/Users/gthomas/cactus-snakemake/tests/evolverMammals-out/mr.fa
    resources: mem_mb=100000, mem_mib=95368, disk_mb=<TBD>, tmpdir=<TBD>, slurm_partition=<TBD>, cpus_per_task=8, runtime=1440

Job stats:
job         count
--------  -------
align           4
all             1
append          1
blast           4
convert         4
copy_hal        1
total          15

Reasons:
    (check individual jobs above for details)
    input files updated by another job:
        align, all, append, blast, convert, copy_hal
    output files have to be generated:
        align, append, blast, convert, copy_hal

This was a dry-run (flag -n). The order of jobs does not reflect the order of execution.
